C51 COMPILER V9.01   KEY                                                                   06/04/2021 20:46:20 PAGE 1   


C51 COMPILER V9.01, COMPILATION OF MODULE KEY
OBJECT MODULE PLACED IN key.OBJ
COMPILER INVOKED BY: D:\Program Files (x86)\Keil_v4\C51\BIN\C51.EXE key.c BROWSE DEBUG OBJECTEXTEND

line level    source

   1          
   2          
   3          #include "key.h"
   4          
   5          
   6          // 延时函数
   7          void delayMs(unsigned char t) {
   8   1          unsigned char a,b;
   9   1              for(; t>0; t--)
  10   1              {
  11   2                       for(b=199;b>0;b--)
  12   2                       {
  13   3                              for(a=1;a>0;a--);
  14   3                       }      
  15   2              } 
  16   1      }
  17          
  18          // 独立按键
  19          void keyPros(void) {
  20   1      
  21   1              if((K1 == 0)||(K2 == 0)) {
  22   2                      delayMs(10);
  23   2                      if((K1 == 0)||(K2 == 0)) {
  24   3                              if(K1 == 0)
  25   3                              {
  26   4                                      LED1 =! LED1;
  27   4                              }
  28   3                              else if(K2 == 0)
  29   3                              {
  30   4                                      LED2 =! LED2;
  31   4                              }
  32   3                              while(K1 == 0);
  33   3                              while(K2 == 0);
  34   3                      }
  35   2              }
  36   1      }
  37          
  38          


MODULE INFORMATION:   STATIC OVERLAYABLE
   CODE SIZE        =     54    ----
   CONSTANT SIZE    =   ----    ----
   XDATA SIZE       =   ----    ----
   PDATA SIZE       =   ----    ----
   DATA SIZE        =   ----    ----
   IDATA SIZE       =   ----    ----
   BIT SIZE         =   ----    ----
END OF MODULE INFORMATION.


C51 COMPILATION COMPLETE.  0 WARNING(S),  0 ERROR(S)
